usage: dinov3_pipeline.py [-h] --stage
                          {smoke,embed,aggregate,pairwise,b5c,summary,all}
                          [--city CITY] [--city-index CITY_INDEX]
                          [--city-meta CITY_META] [--repo-dir REPO_DIR]
                          [--rootfolder ROOTFOLDER] [--valfolder VALFOLDER]
                          [--train-test-folder TRAIN_TEST_FOLDER]
                          [--embed-root EMBED_ROOT] [--smoke-root SMOKE_ROOT]
                          [--hex-root HEX_ROOT]
                          [--pairwise-root PAIRWISE_ROOT]
                          [--similarity-export-folder SIMILARITY_EXPORT_FOLDER]
                          [--summary-output SUMMARY_OUTPUT]
                          [--model-name MODEL_NAME]
                          [--backend {transformers,timm}]
                          [--batch-size BATCH_SIZE]
                          [--smoke-batch-size SMOKE_BATCH_SIZE]
                          [--smoke-limit SMOKE_LIMIT] [--device DEVICE]
                          [--local-files-only | --no-local-files-only]
                          [--ignore-mismatched-sizes]
                          [--res-exclude RES_EXCLUDE] [--equal-sampling]
                          [--equal-sampling-target-per-h3 EQUAL_SAMPLING_TARGET_PER_H3]
                          [--equal-sampling-min-images EQUAL_SAMPLING_MIN_IMAGES]
                          [--resolution RESOLUTION] [--threshold THRESHOLD]
                          [--row-block-size ROW_BLOCK_SIZE]
                          [--b5b-memory-limit B5B_MEMORY_LIMIT]
                          [--b5c-memory-limit B5C_MEMORY_LIMIT]
                          [--b5c-threads B5C_THREADS]
                          [--b5c-parquet-file-size B5C_PARQUET_FILE_SIZE]
                          [--duckdb-temp-dir DUCKDB_TEMP_DIR]
                          [--python PYTHON] [--log-dir LOG_DIR]
                          [--log-level {DEBUG,INFO,WARNING,ERROR}] [--execute]
dinov3_pipeline.py: error: unrecognized arguments: 
